// Jest Snapshot v1, https://goo.gl/fbAQLP

exports[`Cover should match snapshot 1`] = `
<div
  className="wrapper"
>
  <div
    className="left"
  >
    <div
      className="content"
    >
      <p>
        Date:
         
        <input
          onInput={[Function]}
          placeholder="31/12"
          type="text"
        />
      </p>
      <p>
        Time: 
        <input
          placeholder="19:00"
          type="text"
        />
      </p>
      <p>
        Program: 
        <input
          placeholder="Xtra"
          type="text"
        />
      </p>
      <p>
        Artists: 
        <textarea
          placeholder="Name..."
        />
      </p>
    </div>
    <div
      className="design"
    >
      <p>
        Logo:
         
        <select>
          <option>
            Logo 1
          </option>
          <option>
            Logo 2
          </option>
          <option>
            Logo 3
          </option>
        </select>
      </p>
      <p>
        Choose File: 
        <input
          id="file"
          onChange={[Function]}
          type="file"
        />
      </p>
      <p>
        Font family:
         
        <input
          onInput={[Function]}
          placeholder="Arial"
          type="text"
        />
      </p>
    </div>
  </div>
  <div
    className="right"
  >
    <canvas
      className="cover"
      id="canvas"
    />
  </div>
</div>
`;
